// Jest Snapshot v1, https://goo.gl/fbAQLP

exports[`PrivateRoute should renders correctly 1`] = `null`;
