// Jest Snapshot v1, https://goo.gl/fbAQLP

exports[`PromoCard should render correctly 1`] = `
<div
  className="movie-card__wrap"
>
  <div
    className="movie-card__info"
  >
    <div
      className="movie-card__poster"
    >
      <img
        alt="The Grand Budapest Hotel poster"
        height={327}
        src="img/the-grand-budapest-hotel-poster.jpg"
        width={218}
      />
    </div>
    <div
      className="movie-card__desc"
    >
      <h2
        className="movie-card__title"
      >
        Fantastic Beasts: The Crimes of Grindelwald
      </h2>
      <p
        className="movie-card__meta"
      >
        <span
          className="movie-card__genre"
        >
          comedy
        </span>
        <span
          className="movie-card__year"
        >
          2020
        </span>
      </p>
      <div
        className="movie-card__buttons"
      >
        <a
          className="btn btn--play movie-card__button"
          href="/films/:id/player"
          onClick={[Function]}
        >
          <svg
            height={19}
            viewBox="0 0 19 19"
            width={19}
          >
            <use
              xlinkHref="#play-s"
            />
          </svg>
          <span>
            Play
          </span>
        </a>
        <button
          className="btn btn--list movie-card__button"
          onClick={[Function]}
          type="button"
        >
          <svg
            height={20}
            viewBox="0 0 19 20"
            width={19}
          >
            <use
              xlinkHref="#add"
            />
          </svg>
          <span>
            My list
          </span>
        </button>
      </div>
    </div>
  </div>
</div>
`;
