// Jest Snapshot v1, https://goo.gl/fbAQLP

exports[`withValidityCheck should render correctly 1`] = `<div />`;
