// Jest Snapshot v1, https://goo.gl/fbAQLP

exports[`withFilmCard should render correctly 1`] = `<div />`;
