// Jest Snapshot v1, https://goo.gl/fbAQLP

exports[`ReviewScreen should render correctly 1`] = `
<section
  className="movie-card movie-card--full"
>
  <div
    className="movie-card__header"
  >
    <div
      className="movie-card__bg"
    >
      <img
        alt="Fantastic Beasts: The Crimes of Grindelwald"
        src="img/fantastic-beasts-the-crimes-of-grindelwald.jpg"
      />
    </div>
    <h1
      className="visually-hidden"
    >
      WTW
    </h1>
    <header
      className="page-header movie-card__head"
    >
      <div
        className="logo"
      >
        <a
          className="logo__link"
          href="main.html"
        >
          <span
            className="logo__letter logo__letter--1"
          >
            W
          </span>
          <span
            className="logo__letter logo__letter--2"
          >
            T
          </span>
          <span
            className="logo__letter logo__letter--3"
          >
            W
          </span>
        </a>
      </div>
      <nav
        className="breadcrumbs"
      >
        <ul
          className="breadcrumbs__list"
        >
          <li
            className="breadcrumbs__item"
          >
            <a
              className="breadcrumbs__link"
              href="movie-page.html"
            >
              Fantastic Beasts: The Crimes of Grindelwald
            </a>
          </li>
          <li
            className="breadcrumbs__item"
          >
            <a
              className="breadcrumbs__link"
            >
              Add review
            </a>
          </li>
        </ul>
      </nav>
      <div
        className="user-block"
      >
        <div
          className="user-block__avatar"
        >
          <img
            alt="User avatar"
            height={63}
            src="https://4.react.pages.academyimg/1.png"
            width={63}
          />
        </div>
      </div>
    </header>
    <div
      className="movie-card__poster movie-card__poster--small"
    >
      <img
        alt="Fantastic Beasts: The Crimes of Grindelwald"
        height={327}
        src="img/fantastic-beasts-the-crimes-of-grindelwald.jpg"
        width={218}
      />
    </div>
  </div>
  <div
    className="add-review"
  >
    <form
      action="#"
      className="add-review__form"
    >
      <div
        className="rating"
      >
        <div
          className="rating__stars"
        >
          <input
            className="rating__input"
            defaultChecked={false}
            defaultValue={0}
            id="star-0"
            name="rating"
            type="radio"
          />
          <label
            className="rating__label"
            htmlFor="star-0"
          >
            Rating 
            0
          </label>
          <input
            className="rating__input"
            defaultChecked={false}
            defaultValue={1}
            id="star-1"
            name="rating"
            type="radio"
          />
          <label
            className="rating__label"
            htmlFor="star-1"
          >
            Rating 
            1
          </label>
          <input
            className="rating__input"
            defaultChecked={true}
            defaultValue={2}
            id="star-2"
            name="rating"
            type="radio"
          />
          <label
            className="rating__label"
            htmlFor="star-2"
          >
            Rating 
            2
          </label>
          <input
            className="rating__input"
            defaultChecked={false}
            defaultValue={3}
            id="star-3"
            name="rating"
            type="radio"
          />
          <label
            className="rating__label"
            htmlFor="star-3"
          >
            Rating 
            3
          </label>
          <input
            className="rating__input"
            defaultChecked={false}
            defaultValue={4}
            id="star-4"
            name="rating"
            type="radio"
          />
          <label
            className="rating__label"
            htmlFor="star-4"
          >
            Rating 
            4
          </label>
        </div>
      </div>
      <div
        className="add-review__text"
      >
        <textarea
          className="add-review__textarea"
          id="review-text"
          name="review-text"
          placeholder="Review text"
        />
        <div
          className="add-review__submit"
        >
          <button
            className="add-review__btn"
            type="submit"
          >
            Post
          </button>
        </div>
      </div>
    </form>
  </div>
</section>
`;
