// Jest Snapshot v1, https://goo.gl/fbAQLP

exports[`Card screen should render correctly 1`] = `
Array [
  <section
    className="movie-card"
  >
    <div
      className="movie-card__bg"
    >
      <img
        alt="The Grand Budapest Hotel"
        src="img/bg-the-grand-budapest-hotel.jpg"
      />
    </div>
    <h1
      className="visually-hidden"
    >
      WTW
    </h1>
    <header
      className="page-header movie-card__head"
    >
      <div
        className="logo"
      >
        <a
          className="logo__link"
          href="/"
          onClick={[Function]}
        >
          <span
            className="logo__letter logo__letter--1"
          >
            W
          </span>
          <span
            className="logo__letter logo__letter--2"
          >
            T
          </span>
          <span
            className="logo__letter logo__letter--3"
          >
            W
          </span>
        </a>
      </div>
      <div
        className="user-block"
      >
        <a
          href="/mylist"
          onClick={[Function]}
        >
          <div
            className="user-block__avatar"
          >
            <img
              alt="User avatar"
              height={63}
              src="https://4.react.pages.academyimg/1.png"
              width={63}
            />
          </div>
        </a>
      </div>
    </header>
    <div
      className="movie-card__wrap"
    >
      <div
        className="movie-card__info"
      >
        <div
          className="movie-card__poster"
        >
          <img
            alt="The Grand Budapest Hotel poster"
            height={327}
            src="img/the-grand-budapest-hotel-poster.jpg"
            width={218}
          />
        </div>
        <div
          className="movie-card__desc"
        >
          <h2
            className="movie-card__title"
          >
            Fantastic Beasts: The Crimes of Grindelwald
          </h2>
          <p
            className="movie-card__meta"
          >
            <span
              className="movie-card__genre"
            >
              comedy
            </span>
            <span
              className="movie-card__year"
            >
              2020
            </span>
          </p>
          <div
            className="movie-card__buttons"
          >
            <a
              className="btn btn--play movie-card__button"
              href="/player/0"
              onClick={[Function]}
            >
              <svg
                height={19}
                viewBox="0 0 19 19"
                width={19}
              >
                <use
                  xlinkHref="#play-s"
                />
              </svg>
              <span>
                Play
              </span>
            </a>
            <button
              className="btn btn--list movie-card__button"
              onClick={[Function]}
              type="button"
            >
              <svg
                height={20}
                viewBox="0 0 19 20"
                width={19}
              >
                <use
                  xlinkHref="#add"
                />
              </svg>
              <span>
                My list
              </span>
            </button>
          </div>
        </div>
      </div>
    </div>
  </section>,
  <div
    className="page-content"
  >
    <section
      className="catalog"
    >
      <h2
        className="catalog__title visually-hidden"
      >
        Catalog
      </h2>
      <ul
        className="catalog__genres-list"
      >
        <li
          className="catalog__genres-item catalog__genres-item--active"
        >
          <a
            className="catalog__genres-link"
            href="#"
            onClick={[Function]}
          >
            All genres
          </a>
        </li>
        <li
          className="catalog__genres-item "
        >
          <a
            className="catalog__genres-link"
            href="#"
            onClick={[Function]}
          >
            Comedy
          </a>
        </li>
        <li
          className="catalog__genres-item "
        >
          <a
            className="catalog__genres-link"
            href="#"
            onClick={[Function]}
          >
            Drama
          </a>
        </li>
        <li
          className="catalog__genres-item "
        >
          <a
            className="catalog__genres-link"
            href="#"
            onClick={[Function]}
          >
            Melodrama
          </a>
        </li>
        <li
          className="catalog__genres-item "
        >
          <a
            className="catalog__genres-link"
            href="#"
            onClick={[Function]}
          >
            Horror
          </a>
        </li>
        <li
          className="catalog__genres-item "
        >
          <a
            className="catalog__genres-link"
            href="#"
            onClick={[Function]}
          >
            Crime
          </a>
        </li>
        <li
          className="catalog__genres-item "
        >
          <a
            className="catalog__genres-link"
            href="#"
            onClick={[Function]}
          >
            Documentary
          </a>
        </li>
        <li
          className="catalog__genres-item "
        >
          <a
            className="catalog__genres-link"
            href="#"
            onClick={[Function]}
          >
            Romance
          </a>
        </li>
        <li
          className="catalog__genres-item "
        >
          <a
            className="catalog__genres-link"
            href="#"
            onClick={[Function]}
          >
            Thriller
          </a>
        </li>
      </ul>
      <div
        className="catalog__movies-list"
      >
        <article
          className="small-movie-card catalog__movies-card"
          onMouseEnter={[Function]}
          onMouseLeave={[Function]}
        >
          <a
            className="small-movie-card__image"
            href="/films/0"
            onClick={[Function]}
          >
            <video
              height={175}
              muted={true}
              poster="img/fantastic-beasts-the-crimes-of-grindelwald.jpg"
              src="https://download.blender.org/durian/trailer/sintel_trailer-480p.mp4"
              width={280}
            />
          </a>
          <h3
            className="small-movie-card__title"
          >
            <a
              className="small-movie-card__link"
              href="/films/0"
              onClick={[Function]}
            >
              Fantastic Beasts: The Crimes of Grindelwald
            </a>
          </h3>
        </article>
        <article
          className="small-movie-card catalog__movies-card"
          onMouseEnter={[Function]}
          onMouseLeave={[Function]}
        >
          <a
            className="small-movie-card__image"
            href="/films/1"
            onClick={[Function]}
          >
            <video
              height={175}
              muted={true}
              poster="img/bohemian-rhapsody.jpg"
              src="https://download.blender.org/durian/trailer/sintel_trailer-480p.mp4"
              width={280}
            />
          </a>
          <h3
            className="small-movie-card__title"
          >
            <a
              className="small-movie-card__link"
              href="/films/1"
              onClick={[Function]}
            >
              Bohemian Rhapsody
            </a>
          </h3>
        </article>
        <article
          className="small-movie-card catalog__movies-card"
          onMouseEnter={[Function]}
          onMouseLeave={[Function]}
        >
          <a
            className="small-movie-card__image"
            href="/films/2"
            onClick={[Function]}
          >
            <video
              height={175}
              muted={true}
              poster="img/macbeth.jpg"
              src="https://download.blender.org/durian/trailer/sintel_trailer-480p.mp4"
              width={280}
            />
          </a>
          <h3
            className="small-movie-card__title"
          >
            <a
              className="small-movie-card__link"
              href="/films/2"
              onClick={[Function]}
            >
              Macbeth
            </a>
          </h3>
        </article>
        <article
          className="small-movie-card catalog__movies-card"
          onMouseEnter={[Function]}
          onMouseLeave={[Function]}
        >
          <a
            className="small-movie-card__image"
            href="/films/3"
            onClick={[Function]}
          >
            <video
              height={175}
              muted={true}
              poster="img/aviator.jpg"
              src="https://download.blender.org/durian/trailer/sintel_trailer-480p.mp4"
              width={280}
            />
          </a>
          <h3
            className="small-movie-card__title"
          >
            <a
              className="small-movie-card__link"
              href="/films/3"
              onClick={[Function]}
            >
              Aviator
            </a>
          </h3>
        </article>
        <article
          className="small-movie-card catalog__movies-card"
          onMouseEnter={[Function]}
          onMouseLeave={[Function]}
        >
          <a
            className="small-movie-card__image"
            href="/films/4"
            onClick={[Function]}
          >
            <video
              height={175}
              muted={true}
              poster="img/we-need-to-talk-about-kevin.jpg"
              src="https://download.blender.org/durian/trailer/sintel_trailer-480p.mp4"
              width={280}
            />
          </a>
          <h3
            className="small-movie-card__title"
          >
            <a
              className="small-movie-card__link"
              href="/films/4"
              onClick={[Function]}
            >
              We need to talk about Kevin
            </a>
          </h3>
        </article>
        <article
          className="small-movie-card catalog__movies-card"
          onMouseEnter={[Function]}
          onMouseLeave={[Function]}
        >
          <a
            className="small-movie-card__image"
            href="/films/5"
            onClick={[Function]}
          >
            <video
              height={175}
              muted={true}
              poster="img/what-we-do-in-the-shadows.jpg"
              src="https://download.blender.org/durian/trailer/sintel_trailer-480p.mp4"
              width={280}
            />
          </a>
          <h3
            className="small-movie-card__title"
          >
            <a
              className="small-movie-card__link"
              href="/films/5"
              onClick={[Function]}
            >
              What We Do in the Shadows
            </a>
          </h3>
        </article>
        <article
          className="small-movie-card catalog__movies-card"
          onMouseEnter={[Function]}
          onMouseLeave={[Function]}
        >
          <a
            className="small-movie-card__image"
            href="/films/6"
            onClick={[Function]}
          >
            <video
              height={175}
              muted={true}
              poster="img/revenant.jpg"
              src="https://download.blender.org/durian/trailer/sintel_trailer-480p.mp4"
              width={280}
            />
          </a>
          <h3
            className="small-movie-card__title"
          >
            <a
              className="small-movie-card__link"
              href="/films/6"
              onClick={[Function]}
            >
              Revenant
            </a>
          </h3>
        </article>
        <article
          className="small-movie-card catalog__movies-card"
          onMouseEnter={[Function]}
          onMouseLeave={[Function]}
        >
          <a
            className="small-movie-card__image"
            href="/films/7"
            onClick={[Function]}
          >
            <video
              height={175}
              muted={true}
              poster="img/johnny-english.jpg"
              src="https://download.blender.org/durian/trailer/sintel_trailer-480p.mp4"
              width={280}
            />
          </a>
          <h3
            className="small-movie-card__title"
          >
            <a
              className="small-movie-card__link"
              href="/films/7"
              onClick={[Function]}
            >
              Johnny English
            </a>
          </h3>
        </article>
      </div>
    </section>
    <footer
      className="page-footer"
    >
      <div
        className="logo"
      >
        <a
          className="logo__link logo__link--light"
          href="/"
          onClick={[Function]}
        >
          <span
            className="logo__letter logo__letter--1"
          >
            W
          </span>
          <span
            className="logo__letter logo__letter--2"
          >
            T
          </span>
          <span
            className="logo__letter logo__letter--3"
          >
            W
          </span>
        </a>
      </div>
      <div
        className="copyright"
      >
        <p>
          © 2019 What to watch Ltd.
        </p>
      </div>
    </footer>
  </div>,
]
`;

exports[`Main screen should render correctly 1`] = `
Array [
  <section
    className="movie-card"
  >
    <div
      className="movie-card__bg"
    >
      <img
        alt="The Grand Budapest Hotel"
        src="img/bg-the-grand-budapest-hotel.jpg"
      />
    </div>
    <h1
      className="visually-hidden"
    >
      WTW
    </h1>
    <header
      className="page-header movie-card__head"
    >
      <div
        className="logo"
      >
        <a
          className="logo__link"
          href="/"
          onClick={[Function]}
        >
          <span
            className="logo__letter logo__letter--1"
          >
            W
          </span>
          <span
            className="logo__letter logo__letter--2"
          >
            T
          </span>
          <span
            className="logo__letter logo__letter--3"
          >
            W
          </span>
        </a>
      </div>
      <div
        className="user-block"
      >
        <a
          href="/mylist"
          onClick={[Function]}
        >
          <div
            className="user-block__avatar"
          >
            <img
              alt="User avatar"
              height={63}
              src="https://4.react.pages.academyimg/1.png"
              width={63}
            />
          </div>
        </a>
      </div>
    </header>
    <div
      className="movie-card__wrap"
    >
      <div
        className="movie-card__info"
      >
        <div
          className="movie-card__poster"
        >
          <img
            alt="The Grand Budapest Hotel poster"
            height={327}
            src="img/the-grand-budapest-hotel-poster.jpg"
            width={218}
          />
        </div>
        <div
          className="movie-card__desc"
        >
          <h2
            className="movie-card__title"
          >
            Fantastic Beasts: The Crimes of Grindelwald
          </h2>
          <p
            className="movie-card__meta"
          >
            <span
              className="movie-card__genre"
            >
              comedy
            </span>
            <span
              className="movie-card__year"
            >
              2020
            </span>
          </p>
          <div
            className="movie-card__buttons"
          >
            <a
              className="btn btn--play movie-card__button"
              href="/player/0"
              onClick={[Function]}
            >
              <svg
                height={19}
                viewBox="0 0 19 19"
                width={19}
              >
                <use
                  xlinkHref="#play-s"
                />
              </svg>
              <span>
                Play
              </span>
            </a>
            <button
              className="btn btn--list movie-card__button"
              onClick={[Function]}
              type="button"
            >
              <svg
                height={20}
                viewBox="0 0 19 20"
                width={19}
              >
                <use
                  xlinkHref="#add"
                />
              </svg>
              <span>
                My list
              </span>
            </button>
          </div>
        </div>
      </div>
    </div>
  </section>,
  <div
    className="page-content"
  >
    <section
      className="catalog"
    >
      <h2
        className="catalog__title visually-hidden"
      >
        Catalog
      </h2>
      <ul
        className="catalog__genres-list"
      >
        <li
          className="catalog__genres-item catalog__genres-item--active"
        >
          <a
            className="catalog__genres-link"
            href="#"
            onClick={[Function]}
          >
            All genres
          </a>
        </li>
        <li
          className="catalog__genres-item "
        >
          <a
            className="catalog__genres-link"
            href="#"
            onClick={[Function]}
          >
            Comedy
          </a>
        </li>
        <li
          className="catalog__genres-item "
        >
          <a
            className="catalog__genres-link"
            href="#"
            onClick={[Function]}
          >
            Drama
          </a>
        </li>
        <li
          className="catalog__genres-item "
        >
          <a
            className="catalog__genres-link"
            href="#"
            onClick={[Function]}
          >
            Melodrama
          </a>
        </li>
        <li
          className="catalog__genres-item "
        >
          <a
            className="catalog__genres-link"
            href="#"
            onClick={[Function]}
          >
            Horror
          </a>
        </li>
        <li
          className="catalog__genres-item "
        >
          <a
            className="catalog__genres-link"
            href="#"
            onClick={[Function]}
          >
            Crime
          </a>
        </li>
        <li
          className="catalog__genres-item "
        >
          <a
            className="catalog__genres-link"
            href="#"
            onClick={[Function]}
          >
            Documentary
          </a>
        </li>
        <li
          className="catalog__genres-item "
        >
          <a
            className="catalog__genres-link"
            href="#"
            onClick={[Function]}
          >
            Romance
          </a>
        </li>
        <li
          className="catalog__genres-item "
        >
          <a
            className="catalog__genres-link"
            href="#"
            onClick={[Function]}
          >
            Thriller
          </a>
        </li>
      </ul>
      <div
        className="catalog__movies-list"
      >
        <article
          className="small-movie-card catalog__movies-card"
          onMouseEnter={[Function]}
          onMouseLeave={[Function]}
        >
          <a
            className="small-movie-card__image"
            href="/films/0"
            onClick={[Function]}
          >
            <video
              height={175}
              muted={true}
              poster="img/fantastic-beasts-the-crimes-of-grindelwald.jpg"
              src="https://download.blender.org/durian/trailer/sintel_trailer-480p.mp4"
              width={280}
            />
          </a>
          <h3
            className="small-movie-card__title"
          >
            <a
              className="small-movie-card__link"
              href="/films/0"
              onClick={[Function]}
            >
              Fantastic Beasts: The Crimes of Grindelwald
            </a>
          </h3>
        </article>
        <article
          className="small-movie-card catalog__movies-card"
          onMouseEnter={[Function]}
          onMouseLeave={[Function]}
        >
          <a
            className="small-movie-card__image"
            href="/films/1"
            onClick={[Function]}
          >
            <video
              height={175}
              muted={true}
              poster="img/bohemian-rhapsody.jpg"
              src="https://download.blender.org/durian/trailer/sintel_trailer-480p.mp4"
              width={280}
            />
          </a>
          <h3
            className="small-movie-card__title"
          >
            <a
              className="small-movie-card__link"
              href="/films/1"
              onClick={[Function]}
            >
              Bohemian Rhapsody
            </a>
          </h3>
        </article>
        <article
          className="small-movie-card catalog__movies-card"
          onMouseEnter={[Function]}
          onMouseLeave={[Function]}
        >
          <a
            className="small-movie-card__image"
            href="/films/2"
            onClick={[Function]}
          >
            <video
              height={175}
              muted={true}
              poster="img/macbeth.jpg"
              src="https://download.blender.org/durian/trailer/sintel_trailer-480p.mp4"
              width={280}
            />
          </a>
          <h3
            className="small-movie-card__title"
          >
            <a
              className="small-movie-card__link"
              href="/films/2"
              onClick={[Function]}
            >
              Macbeth
            </a>
          </h3>
        </article>
        <article
          className="small-movie-card catalog__movies-card"
          onMouseEnter={[Function]}
          onMouseLeave={[Function]}
        >
          <a
            className="small-movie-card__image"
            href="/films/3"
            onClick={[Function]}
          >
            <video
              height={175}
              muted={true}
              poster="img/aviator.jpg"
              src="https://download.blender.org/durian/trailer/sintel_trailer-480p.mp4"
              width={280}
            />
          </a>
          <h3
            className="small-movie-card__title"
          >
            <a
              className="small-movie-card__link"
              href="/films/3"
              onClick={[Function]}
            >
              Aviator
            </a>
          </h3>
        </article>
        <article
          className="small-movie-card catalog__movies-card"
          onMouseEnter={[Function]}
          onMouseLeave={[Function]}
        >
          <a
            className="small-movie-card__image"
            href="/films/4"
            onClick={[Function]}
          >
            <video
              height={175}
              muted={true}
              poster="img/we-need-to-talk-about-kevin.jpg"
              src="https://download.blender.org/durian/trailer/sintel_trailer-480p.mp4"
              width={280}
            />
          </a>
          <h3
            className="small-movie-card__title"
          >
            <a
              className="small-movie-card__link"
              href="/films/4"
              onClick={[Function]}
            >
              We need to talk about Kevin
            </a>
          </h3>
        </article>
        <article
          className="small-movie-card catalog__movies-card"
          onMouseEnter={[Function]}
          onMouseLeave={[Function]}
        >
          <a
            className="small-movie-card__image"
            href="/films/5"
            onClick={[Function]}
          >
            <video
              height={175}
              muted={true}
              poster="img/what-we-do-in-the-shadows.jpg"
              src="https://download.blender.org/durian/trailer/sintel_trailer-480p.mp4"
              width={280}
            />
          </a>
          <h3
            className="small-movie-card__title"
          >
            <a
              className="small-movie-card__link"
              href="/films/5"
              onClick={[Function]}
            >
              What We Do in the Shadows
            </a>
          </h3>
        </article>
        <article
          className="small-movie-card catalog__movies-card"
          onMouseEnter={[Function]}
          onMouseLeave={[Function]}
        >
          <a
            className="small-movie-card__image"
            href="/films/6"
            onClick={[Function]}
          >
            <video
              height={175}
              muted={true}
              poster="img/revenant.jpg"
              src="https://download.blender.org/durian/trailer/sintel_trailer-480p.mp4"
              width={280}
            />
          </a>
          <h3
            className="small-movie-card__title"
          >
            <a
              className="small-movie-card__link"
              href="/films/6"
              onClick={[Function]}
            >
              Revenant
            </a>
          </h3>
        </article>
        <article
          className="small-movie-card catalog__movies-card"
          onMouseEnter={[Function]}
          onMouseLeave={[Function]}
        >
          <a
            className="small-movie-card__image"
            href="/films/7"
            onClick={[Function]}
          >
            <video
              height={175}
              muted={true}
              poster="img/johnny-english.jpg"
              src="https://download.blender.org/durian/trailer/sintel_trailer-480p.mp4"
              width={280}
            />
          </a>
          <h3
            className="small-movie-card__title"
          >
            <a
              className="small-movie-card__link"
              href="/films/7"
              onClick={[Function]}
            >
              Johnny English
            </a>
          </h3>
        </article>
      </div>
    </section>
    <footer
      className="page-footer"
    >
      <div
        className="logo"
      >
        <a
          className="logo__link logo__link--light"
          href="/"
          onClick={[Function]}
        >
          <span
            className="logo__letter logo__letter--1"
          >
            W
          </span>
          <span
            className="logo__letter logo__letter--2"
          >
            T
          </span>
          <span
            className="logo__letter logo__letter--3"
          >
            W
          </span>
        </a>
      </div>
      <div
        className="copyright"
      >
        <p>
          © 2019 What to watch Ltd.
        </p>
      </div>
    </footer>
  </div>,
]
`;
