// Jest Snapshot v1, https://goo.gl/fbAQLP

exports[`withActiveTab should render correctly 1`] = `<div />`;
