// Jest Snapshot v1, https://goo.gl/fbAQLP

exports[`ServerError should render correctly 1`] = `
<p>
  Ошибка: 
  300
</p>
`;
